// Jest Snapshot v1, https://goo.gl/fbAQLP

exports[`createOne() -> Resolver.resolve():Promise should rejected with Error if args.record is empty 1`] = `[Error: User.createOne resolver requires at least one value in args.record]`;
