// Jest Snapshot v1, https://goo.gl/fbAQLP

exports[`removeMany() -> Resolver.resolve():Promise should rejected with Error if args.filter is empty 1`] = `[Error: User.removeMany resolver requires at least one value in args.filter]`;
