// Jest Snapshot v1, https://goo.gl/fbAQLP

exports[`removeOne() -> Resolver.resolve():Promise \`beforeRecordMutate\` may reject operation 1`] = `[Error: Denied due context ReadOnly]`;

exports[`removeOne() -> Resolver.resolve():Promise should rejected with Error if args.filter is empty 1`] = `[Error: User.removeOne resolver requires at least one value in args.filter]`;
